// Vitest Snapshot v1, https://vitest.dev/guide/snapshot.html

exports[`adds 1 + 2 to equal 3 1`] = `5`;
